============================= test session starts =============================
platform win32 -- Python 3.14.0, pytest-8.3.3, pluggy-1.6.0 -- C:\Users\altha\OneDrive\Desktop\MediQueue\venv\Scripts\python.exe
cachedir: .pytest_cache
rootdir: C:\Users\altha\OneDrive\Desktop\MediQueue
configfile: pytest.ini
testpaths: tests
plugins: cov-5.0.0
collecting ... collected 154 items

